EN salida_parte2 NULL C:/Programas_Lab_E6/Pruebas_instanciacion/Salida_parte2.vhd sub00/vhpl02 1630188600
AR todo behavioral C:/Programas_Lab_E6/Pruebas_instanciacion/Todo.vhd sub00/vhpl05 1630188603
EN todo NULL C:/Programas_Lab_E6/Pruebas_instanciacion/Todo.vhd sub00/vhpl04 1630188602
AR salida_parte2 behavioral C:/Programas_Lab_E6/Pruebas_instanciacion/Salida_parte2.vhd sub00/vhpl03 1630188601
EN entrada_parte1 NULL C:/Programas_Lab_E6/Pruebas_instanciacion/Entrada_parte1.vhd sub00/vhpl00 1630188598
AR entrada_parte1 behavioral C:/Programas_Lab_E6/Pruebas_instanciacion/Entrada_parte1.vhd sub00/vhpl01 1630188599
