AR uart_rx behavioral C:/Programas_Lab_E6/UART_TX_RX/uart_rx.vhd sub00/vhpl03 1631228968
EN top NULL C:/Programas_Lab_E6/UART_TX_RX/TOP.vhd sub00/vhpl04 1631228969
AR uart_tx behavioral C:/Programas_Lab_E6/UART_TX_RX/uart_tx.vhd sub00/vhpl01 1631228966
EN uart_rx NULL C:/Programas_Lab_E6/UART_TX_RX/uart_rx.vhd sub00/vhpl02 1631228967
AR top behavioral C:/Programas_Lab_E6/UART_TX_RX/TOP.vhd sub00/vhpl05 1631228970
EN uart_tx NULL C:/Programas_Lab_E6/UART_TX_RX/uart_tx.vhd sub00/vhpl00 1631228965
