V3 14
FL C:/Programas_Lab_E6/FPGA_BLUETOOTH/control_hc_sr04.vhd 2021/09/20.16:47:33 P.20131013
EN work/control_hc_sr04 1632178057 \
      FL C:/Programas_Lab_E6/FPGA_BLUETOOTH/control_hc_sr04.vhd \
      PB ieee/std_logic_1164 1381692176 PB ieee/NUMERIC_STD 1381692181
AR work/control_hc_sr04/Behavioral 1632178058 \
      FL C:/Programas_Lab_E6/FPGA_BLUETOOTH/control_hc_sr04.vhd \
      EN work/control_hc_sr04 1632178057
FL C:/Programas_Lab_E6/FPGA_BLUETOOTH/control_multisensor.vhd 2021/09/20.09:24:16 P.20131013
EN work/control_multisensor 1632151564 \
      FL C:/Programas_Lab_E6/FPGA_BLUETOOTH/control_multisensor.vhd \
      PB ieee/std_logic_1164 1381692176 PB ieee/NUMERIC_STD 1381692181
AR work/control_multisensor/Behavioral 1632151565 \
      FL C:/Programas_Lab_E6/FPGA_BLUETOOTH/control_multisensor.vhd \
      EN work/control_multisensor 1632151564
FL C:/Programas_Lab_E6/FPGA_BLUETOOTH/TOP.vhd 2021/09/20.16:43:11 P.20131013
EN work/TOP 1632178061 FL C:/Programas_Lab_E6/FPGA_BLUETOOTH/TOP.vhd \
      PB ieee/std_logic_1164 1381692176 PB ieee/NUMERIC_STD 1381692181
AR work/TOP/Behavioral 1632178062 \
      FL C:/Programas_Lab_E6/FPGA_BLUETOOTH/TOP.vhd EN work/TOP 1632178061 \
      CP control_hc_sr04 CP tx_bluetooth
FL C:/Programas_Lab_E6/FPGA_BLUETOOTH/tx_bluetooth.vhd 2021/09/20.16:42:56 P.20131013
EN work/tx_bluetooth 1632178059 \
      FL C:/Programas_Lab_E6/FPGA_BLUETOOTH/tx_bluetooth.vhd \
      PB ieee/std_logic_1164 1381692176 PB ieee/NUMERIC_STD 1381692181
AR work/tx_bluetooth/Behavioral 1632178060 \
      FL C:/Programas_Lab_E6/FPGA_BLUETOOTH/tx_bluetooth.vhd EN work/tx_bluetooth 1632178059
