V3 11
FL C:/Lb_E6/Programas_Proyectos/Compilacion_programas_proyecto/FPGA/control_ultrasonico.vhd 2021/10/19.23:52:02 P.20131013
EN work/control_ultrasonico 1634750062 \
      FL C:/Lb_E6/Programas_Proyectos/Compilacion_programas_proyecto/FPGA/control_ultrasonico.vhd \
      PB ieee/std_logic_1164 1381692176 PB ieee/NUMERIC_STD 1381692181
AR work/control_ultrasonico/Behavioral 1634750063 \
      FL C:/Lb_E6/Programas_Proyectos/Compilacion_programas_proyecto/FPGA/control_ultrasonico.vhd \
      EN work/control_ultrasonico 1634750062
FL C:/Lb_E6/Programas_Proyectos/Compilacion_programas_proyecto/FPGA/TOP.vhd 2021/10/19.23:16:05 P.20131013
EN work/TOP 1634750066 \
      FL C:/Lb_E6/Programas_Proyectos/Compilacion_programas_proyecto/FPGA/TOP.vhd \
      PB ieee/std_logic_1164 1381692176 PB ieee/NUMERIC_STD 1381692181
AR work/TOP/Behavioral 1634750067 \
      FL C:/Lb_E6/Programas_Proyectos/Compilacion_programas_proyecto/FPGA/TOP.vhd \
      EN work/TOP 1634750066 CP control_ultrasonico CP transmiso_tx
FL C:/Lb_E6/Programas_Proyectos/Compilacion_programas_proyecto/FPGA/transmiso_tx.vhd 2021/10/20.11:14:19 P.20131013
EN work/transmiso_tx 1634750064 \
      FL C:/Lb_E6/Programas_Proyectos/Compilacion_programas_proyecto/FPGA/transmiso_tx.vhd \
      PB ieee/std_logic_1164 1381692176 PB ieee/NUMERIC_STD 1381692181
AR work/transmiso_tx/Behavioral 1634750065 \
      FL C:/Lb_E6/Programas_Proyectos/Compilacion_programas_proyecto/FPGA/transmiso_tx.vhd \
      EN work/transmiso_tx 1634750064
