V3 22
FL C:/Lb_E6/Programas_Proyectos/Compilacion_programas_proyecto/FPGA/control_ultrasonico.vhd 2021/10/19.23:52:02 P.20131013
FL C:/Lb_E6/Programas_Proyectos/Compilacion_programas_proyecto/FPGA/TOP.vhd 2021/10/19.23:16:05 P.20131013
FL C:/Lb_E6/Programas_Proyectos/Compilacion_programas_proyecto/FPGA/transmiso_tx.vhd 2021/10/20.11:14:19 P.20131013
FL C:/Lb_E6/Programas_Proyectos/Compilacion_programas_proyecto/FPGA_PROGRAMACION/control_i2c.vhd 2021/10/23.17:51:49 P.20131013
EN work/control_i2c 1635036401 \
      FL C:/Lb_E6/Programas_Proyectos/Compilacion_programas_proyecto/FPGA_PROGRAMACION/control_i2c.vhd \
      PB ieee/std_logic_1164 1381692176 PB ieee/NUMERIC_STD 1381692181
AR work/control_i2c/Behavioral 1635036402 \
      FL C:/Lb_E6/Programas_Proyectos/Compilacion_programas_proyecto/FPGA_PROGRAMACION/control_i2c.vhd \
      EN work/control_i2c 1635036401
FL C:/Lb_E6/Programas_Proyectos/Compilacion_programas_proyecto/FPGA_PROGRAMACION/control_ultrasonico.vhd 2021/10/19.23:52:02 P.20131013
EN work/control_ultrasonico 1635036399 \
      FL C:/Lb_E6/Programas_Proyectos/Compilacion_programas_proyecto/FPGA_PROGRAMACION/control_ultrasonico.vhd \
      PB ieee/std_logic_1164 1381692176 PB ieee/NUMERIC_STD 1381692181
AR work/control_ultrasonico/Behavioral 1635036400 \
      FL C:/Lb_E6/Programas_Proyectos/Compilacion_programas_proyecto/FPGA_PROGRAMACION/control_ultrasonico.vhd \
      EN work/control_ultrasonico 1635036399
FL C:/Lb_E6/Programas_Proyectos/Compilacion_programas_proyecto/FPGA_PROGRAMACION/TOP.vhd 2021/10/23.18:46:36 P.20131013
EN work/TOP 1635036405 \
      FL C:/Lb_E6/Programas_Proyectos/Compilacion_programas_proyecto/FPGA_PROGRAMACION/TOP.vhd \
      PB ieee/std_logic_1164 1381692176 PB ieee/NUMERIC_STD 1381692181
AR work/TOP/Behavioral 1635036406 \
      FL C:/Lb_E6/Programas_Proyectos/Compilacion_programas_proyecto/FPGA_PROGRAMACION/TOP.vhd \
      EN work/TOP 1635036405 CP control_ultrasonico CP control_i2c CP transmiso_tx
FL C:/Lb_E6/Programas_Proyectos/Compilacion_programas_proyecto/FPGA_PROGRAMACION/transmiso_tx.vhd 2021/10/23.18:40:17 P.20131013
EN work/transmiso_tx 1635036403 \
      FL C:/Lb_E6/Programas_Proyectos/Compilacion_programas_proyecto/FPGA_PROGRAMACION/transmiso_tx.vhd \
      PB ieee/std_logic_1164 1381692176 PB ieee/NUMERIC_STD 1381692181
AR work/transmiso_tx/Behavioral 1635036404 \
      FL C:/Lb_E6/Programas_Proyectos/Compilacion_programas_proyecto/FPGA_PROGRAMACION/transmiso_tx.vhd \
      EN work/transmiso_tx 1635036403
FL C:/Lb_E6/Programas_Proyectos/Compilacion_programas_proyecto/FPGA_Ultrasonico/control_i2c.vhd 2021/10/23.17:51:49 P.20131013
FL C:/Lb_E6/Programas_Proyectos/Compilacion_programas_proyecto/FPGA_Ultrasonico/control_ultrasonico.vhd 2021/10/19.23:52:02 P.20131013
FL C:/Lb_E6/Programas_Proyectos/Compilacion_programas_proyecto/FPGA_Ultrasonico/TOP.vhd 2021/10/23.18:03:43 P.20131013
FL C:/Lb_E6/Programas_Proyectos/Compilacion_programas_proyecto/FPGA_Ultrasonico/transmiso_tx.vhd 2021/10/23.18:40:17 P.20131013
