V3 11
FL C:/Lb_E6/Programas_Proyectos/Compilacion_programas_proyecto/FPGA/control_ultrasonico.vhd 2021/10/19.23:52:02 P.20131013
EN work/control_ultrasonico 1634709135 \
      FL C:/Lb_E6/Programas_Proyectos/Compilacion_programas_proyecto/FPGA/control_ultrasonico.vhd \
      PB ieee/std_logic_1164 1381692176 PB ieee/NUMERIC_STD 1381692181
AR work/control_ultrasonico/Behavioral 1634709136 \
      FL C:/Lb_E6/Programas_Proyectos/Compilacion_programas_proyecto/FPGA/control_ultrasonico.vhd \
      EN work/control_ultrasonico 1634709135
FL C:/Lb_E6/Programas_Proyectos/Compilacion_programas_proyecto/FPGA/TOP.vhd 2021/10/19.23:16:05 P.20131013
EN work/TOP 1634709139 \
      FL C:/Lb_E6/Programas_Proyectos/Compilacion_programas_proyecto/FPGA/TOP.vhd \
      PB ieee/std_logic_1164 1381692176 PB ieee/NUMERIC_STD 1381692181
AR work/TOP/Behavioral 1634709140 \
      FL C:/Lb_E6/Programas_Proyectos/Compilacion_programas_proyecto/FPGA/TOP.vhd \
      EN work/TOP 1634709139 CP control_ultrasonico CP transmiso_tx
FL C:/Lb_E6/Programas_Proyectos/Compilacion_programas_proyecto/FPGA/transmiso_tx.vhd 2021/10/19.23:38:29 P.20131013
EN work/transmiso_tx 1634709137 \
      FL C:/Lb_E6/Programas_Proyectos/Compilacion_programas_proyecto/FPGA/transmiso_tx.vhd \
      PB ieee/std_logic_1164 1381692176 PB ieee/NUMERIC_STD 1381692181
AR work/transmiso_tx/Behavioral 1634709138 \
      FL C:/Lb_E6/Programas_Proyectos/Compilacion_programas_proyecto/FPGA/transmiso_tx.vhd \
      EN work/transmiso_tx 1634709137
