AR uart_rx behavioral C:/Programas_Lab_E6/UART_TX_RX_P2/uart_rx.vhd sub00/vhpl03 1631481855
AR mux behavioral C:/Programas_Lab_E6/UART_TX_RX_P2/mux.vhd sub00/vhpl07 1631481861
EN view_data NULL C:/Programas_Lab_E6/UART_TX_RX_P2/view_data.vhd sub00/vhpl08 1631481862
EN uart_tx2 NULL C:/Programas_Lab_E6/UART_TX_RX_P2/uart_tx2.vhd sub00/vhpl10 1631481856
AR uart_rx2 behavioral C:/Programas_Lab_E6/UART_TX_RX_P2/uart_rx2.vhd sub00/vhpl13 1631481859
EN top NULL C:/Programas_Lab_E6/UART_TX_RX_P2/TOP.vhd sub00/vhpl04 1631481864
AR uart_tx2 behavioral C:/Programas_Lab_E6/UART_TX_RX_P2/uart_tx2.vhd sub00/vhpl11 1631481857
AR view_data behavioral C:/Programas_Lab_E6/UART_TX_RX_P2/view_data.vhd sub00/vhpl09 1631481863
AR uart_tx behavioral C:/Programas_Lab_E6/UART_TX_RX_P2/uart_tx.vhd sub00/vhpl01 1631481853
EN mux NULL C:/Programas_Lab_E6/UART_TX_RX_P2/mux.vhd sub00/vhpl06 1631481860
EN uart_rx2 NULL C:/Programas_Lab_E6/UART_TX_RX_P2/uart_rx2.vhd sub00/vhpl12 1631481858
EN uart_rx NULL C:/Programas_Lab_E6/UART_TX_RX_P2/uart_rx.vhd sub00/vhpl02 1631481854
AR top behavioral C:/Programas_Lab_E6/UART_TX_RX_P2/TOP.vhd sub00/vhpl05 1631481865
EN uart_tx NULL C:/Programas_Lab_E6/UART_TX_RX_P2/uart_tx.vhd sub00/vhpl00 1631481852
