EN modulo1_ps NULL C:/Programas_Lab_E6/Pruebas_FuncionamientoFPGA_JDP/pruebas_uart/modulo1_PS.vhd sub00/vhpl01 1630213254
AR modulo1_ps behavioral C:/Programas_Lab_E6/Pruebas_FuncionamientoFPGA_JDP/pruebas_uart/modulo1_PS.vhd sub00/vhpl02 1630213255
EN uart NULL C:/Programas_Lab_E6/Pruebas_FuncionamientoFPGA_JDP/pruebas_uart/UART.vhd sub00/vhpl00 1630197089
